components/AvatarUpload.tsx(39,25): error TS2345: Argument of type '{ avatar_url: string; }' is not assignable to parameter of type 'never'.
screens/AdminServices.tsx(106,50): error TS2698: Spread types may only be created from object types.
screens/DocumentSubmission.tsx(81,17): error TS2353: Object literal may only specify known properties, and 'user_metadata' does not exist in type 'User'.
screens/DocumentSubmission.tsx(82,29): error TS2339: Property 'user_metadata' does not exist on type 'User'.
screens/UserManagement.tsx(157,61): error TS2339: Property 'id' does not exist on type 'never'.
screens/UserManagement.tsx(165,60): error TS2339: Property 'escrow_status' does not exist on type 'never'.
screens/UserManagement.tsx(165,118): error TS2339: Property 'amount_total' does not exist on type 'never'.
screens/UserManagement.tsx(166,60): error TS2339: Property 'escrow_status' does not exist on type 'never'.
screens/UserManagement.tsx(166,118): error TS2339: Property 'amount_total' does not exist on type 'never'.
services/providerService.ts(140,58): error TS2339: Property 'provider_id' does not exist on type 'never'.
services/ratingsService.ts(129,18): error TS18047: 'profile' is possibly 'null'.
services/ratingsService.ts(130,16): error TS18047: 'profile' is possibly 'null'.
