components/AvatarUpload.tsx(42,25): error TS2345: Argument of type '{ avatar_url: string; }' is not assignable to parameter of type 'never'.
constants.tsx(13,5): error TS2561: Object literal may only specify known properties, but 'provider' does not exist in type 'Service'. Did you mean to write 'providerId'?
constants.tsx(24,5): error TS2561: Object literal may only specify known properties, but 'provider' does not exist in type 'Service'. Did you mean to write 'providerId'?
constants.tsx(35,5): error TS2561: Object literal may only specify known properties, but 'provider' does not exist in type 'Service'. Did you mean to write 'providerId'?
screens/Login.tsx(23,27): error TS2339: Property 'error' does not exist on type '{ user: User; session: Session; weakPassword?: WeakPassword; } | { user: null; session: null; weakPassword?: null; }'.
screens/Login.tsx(23,70): error TS2554: Expected 1 arguments, but got 2.
screens/Payment.tsx(78,25): error TS2345: Argument of type 'any' is not assignable to parameter of type 'never'.
services/providerService.ts(19,10): error TS2769: No overload matches this call.
  Overload 1 of 2, '(values: never, options?: { count?: "exact" | "planned" | "estimated"; }): PostgrestFilterBuilder<{ PostgrestVersion: "12"; }, never, never, null, "provider_profiles", never, "POST">', gave the following error.
    Argument of type '{ user_id: string; id?: string; active?: boolean; created_at?: string; updated_at?: string; bio?: string | null; professional_title?: string | null; documents_status?: "pending" | "approved" | "rejected"; ... 4 more ...; total_services_completed?: number; }' is not assignable to parameter of type 'never'.
  Overload 2 of 2, '(values: never[], options?: { count?: "exact" | "planned" | "estimated"; defaultToNull?: boolean; }): PostgrestFilterBuilder<{ PostgrestVersion: "12"; }, never, never, null, "provider_profiles", never, "POST">', gave the following error.
    Object literal may only specify known properties, and 'user_id' does not exist in type 'never[]'.
services/providerService.ts(75,21): error TS2345: Argument of type '{ id?: string; user_id?: string; bio?: string; professional_title?: string; documents_status?: "pending" | "approved" | "rejected"; document_cpf?: string; document_rg?: string; active?: boolean; ... 4 more ...; updated_at?: string; }' is not assignable to parameter of type 'never'.
services/providerService.ts(86,14): error TS2769: No overload matches this call.
  Overload 1 of 2, '(values: never, options?: { count?: "exact" | "planned" | "estimated"; }): PostgrestFilterBuilder<{ PostgrestVersion: "12"; }, never, never, null, "provider_profiles", never, "POST">', gave the following error.
    Argument of type '{ user_id: string; id?: string; bio?: string | null; professional_title?: string | null; documents_status?: "pending" | "approved" | "rejected"; document_cpf?: string | null; document_rg?: string | null; ... 5 more ...; updated_at?: string; }' is not assignable to parameter of type 'never'.
  Overload 2 of 2, '(values: never[], options?: { count?: "exact" | "planned" | "estimated"; defaultToNull?: boolean; }): PostgrestFilterBuilder<{ PostgrestVersion: "12"; }, never, never, null, "provider_profiles", never, "POST">', gave the following error.
    Object literal may only specify known properties, and 'user_id' does not exist in type 'never[]'.
services/providerService.ts(140,58): error TS2339: Property 'provider_id' does not exist on type 'never'.
services/providerService.ts(175,17): error TS2345: Argument of type '{ active: boolean; }' is not assignable to parameter of type 'never'.
services/ratingsService.ts(21,10): error TS2769: No overload matches this call.
  Overload 1 of 2, '(values: never, options?: { count?: "exact" | "planned" | "estimated"; }): PostgrestFilterBuilder<{ PostgrestVersion: "12"; }, never, never, null, "ratings", never, "POST">', gave the following error.
    Argument of type '{ order_id: string; client_id: string; provider_id: string; score: number; comment: string; }' is not assignable to parameter of type 'never'.
  Overload 2 of 2, '(values: never[], options?: { count?: "exact" | "planned" | "estimated"; defaultToNull?: boolean; }): PostgrestFilterBuilder<{ PostgrestVersion: "12"; }, never, never, null, "ratings", never, "POST">', gave the following error.
    Object literal may only specify known properties, and 'order_id' does not exist in type 'never[]'.
services/ratingsService.ts(125,29): error TS2339: Property 'score' does not exist on type 'never'.
services/ratingsService.ts(129,18): error TS18047: 'profile' is possibly 'null'.
services/ratingsService.ts(130,16): error TS18047: 'profile' is possibly 'null'.
supabase/functions/process-payment/index.ts(2,30): error TS2307: Cannot find module 'jsr:@supabase/supabase-js@2' or its corresponding type declarations.
supabase/functions/process-payment/index.ts(15,1): error TS2304: Cannot find name 'Deno'.
supabase/functions/process-payment/index.ts(23,13): error TS2304: Cannot find name 'Deno'.
supabase/functions/process-payment/index.ts(24,13): error TS2304: Cannot find name 'Deno'.
supabase/functions/release-payment/index.ts(2,30): error TS2307: Cannot find module 'jsr:@supabase/supabase-js@2' or its corresponding type declarations.
supabase/functions/release-payment/index.ts(13,1): error TS2304: Cannot find name 'Deno'.
supabase/functions/release-payment/index.ts(20,13): error TS2304: Cannot find name 'Deno'.
supabase/functions/release-payment/index.ts(21,13): error TS2304: Cannot find name 'Deno'.
